// Jest Snapshot v1, https://goo.gl/fbAQLP

exports[`should configure a unique rule correctly 1`] = `
Object {
  "loader": "url-loader",
  "options": Object {
    "emitFile": false,
    "limit": 0,
    "name": "images/[name].[ext]",
    "outputPath": "static/chunks/media",
    "publicPath": "_next/static/chunks/media",
  },
  "test": /\\\\\\.\\(png\\|jpg\\|jpeg\\|gif\\|webp\\|ico\\)\\$/,
}
`;
