// Jest Snapshot v1, https://goo.gl/fbAQLP

exports[`should match snapshot for all results 1`] = `
Array [
  Array [
    Object {
      "test": /\\\\\\.svg\\$/,
      "use": Array [
        Object {
          "loader": "raw-loader",
        },
        Object {
          "loader": "svgo-loader",
          "options": Object {
            "plugins": Array [
              Object {
                "removeTitle": true,
              },
              Object {
                "removeDimensions": false,
              },
              Object {
                "removeViewBox": false,
              },
              Object {
                "cleanupIDs": false,
              },
            ],
          },
        },
        Object {
          "loader": "svg-css-modules-loader",
          "options": Object {
            "transformId": true,
          },
        },
      ],
    },
    Object {
      "loader": "url-loader",
      "options": Object {
        "emitFile": false,
        "limit": 0,
        "name": "images/[name].[ext]",
        "outputPath": "static/chunks/media",
        "publicPath": "undefined_next/static/chunks/media",
      },
      "test": /\\\\\\.svg\\$/,
    },
  ],
]
`;

exports[`should match snapshot for all results 2`] = `
Array [
  Array [
    Object {
      "test": /\\\\\\.svg\\$/,
      "use": Array [
        Object {
          "loader": "raw-loader",
        },
        Object {
          "loader": "svgo-loader",
          "options": Object {
            "plugins": Array [
              Object {
                "removeTitle": true,
              },
              Object {
                "removeDimensions": false,
              },
              Object {
                "removeViewBox": false,
              },
              Object {
                "cleanupIDs": false,
              },
            ],
          },
        },
        Object {
          "loader": "svg-css-modules-loader",
          "options": Object {
            "transformId": true,
          },
        },
      ],
    },
    Object {
      "loader": "url-loader",
      "options": Object {
        "emitFile": false,
        "limit": 0,
        "name": "images/[name].[ext]",
        "outputPath": "static/chunks/media",
        "publicPath": "undefined_next/static/chunks/media",
      },
      "test": /\\\\\\.svg\\$/,
    },
  ],
]
`;
